#0 building with "default" instance using docker driver

#1 [internal] load build definition from Dockerfile.ready
#1 transferring dockerfile: 2.76kB done
#1 DONE 0.0s

#2 resolve image config for docker-image://docker.io/docker/dockerfile:1.7
#2 DONE 1.1s

#3 docker-image://docker.io/docker/dockerfile:1.7@sha256:a57df69d0ea827fb7266491f2813635de6f17269be881f696fbfdf2d83dda33e
#3 resolve docker.io/docker/dockerfile:1.7@sha256:a57df69d0ea827fb7266491f2813635de6f17269be881f696fbfdf2d83dda33e 0.0s done
#3 CACHED

#4 [internal] load metadata for docker.io/library/python:3.11-slim
#4 DONE 0.6s

#5 [internal] load .dockerignore
#5 transferring context: 2B done
#5 DONE 0.0s

#6 [stage-0  1/21] FROM docker.io/library/python:3.11-slim@sha256:9358444059ed78e2975ada2c189f1c1a3144a5dab6f35bff8c981afb38946634
#6 resolve docker.io/library/python:3.11-slim@sha256:9358444059ed78e2975ada2c189f1c1a3144a5dab6f35bff8c981afb38946634 0.0s done
#6 DONE 0.0s

#7 [internal] load build context
#7 transferring context: 320.53kB done
#7 DONE 0.0s

#8 [stage-0  2/21] WORKDIR /opt/humanizer
#8 CACHED

#9 [stage-0  4/21] COPY requirements.txt /opt/humanizer/requirements.txt
#9 CACHED

#10 [stage-0  5/21] RUN python -m pip install --upgrade pip setuptools wheel
#10 CACHED

#11 [stage-0  3/21] RUN apt-get update && apt-get install -y --no-install-recommends     ncbi-blast+     git     wget     ca-certificates     build-essential     && rm -rf /var/lib/apt/lists/*
#11 CACHED

#12 [stage-0  6/21] RUN --mount=type=cache,target=/root/.cache/pip     python -m pip install -r /opt/humanizer/requirements.txt
#12 CACHED

#13 [stage-0  7/21] COPY . /opt/humanizer
#13 DONE 0.1s

#14 [stage-0  8/21] RUN test -f /opt/humanizer/database_setup/build_germline_database.py || (echo 'Missing database_setup/build_germline_database.py' && exit 1)
#14 DONE 0.2s

#15 [stage-0  9/21] RUN mkdir -p /opt/humanizer_db
#15 DONE 0.1s

#16 [stage-0 10/21] RUN test -d /opt/humanizer/imgt_download || (echo 'Missing imgt_download/ with IMGT FASTA files' && exit 1)
#16 DONE 0.1s

#17 [stage-0 11/21] RUN test -f /opt/humanizer/imgt_download/IGHV.fasta || (echo 'Missing imgt_download/IGHV.fasta' && exit 1)
#17 DONE 0.2s

#18 [stage-0 12/21] RUN test -f /opt/humanizer/imgt_download/IGHD.fasta || (echo 'Missing imgt_download/IGHD.fasta' && exit 1)
#18 DONE 0.1s

#19 [stage-0 13/21] RUN test -f /opt/humanizer/imgt_download/IGHJ.fasta || (echo 'Missing imgt_download/IGHJ.fasta' && exit 1)
#19 DONE 0.2s

#20 [stage-0 14/21] RUN test -f /opt/humanizer/imgt_download/IGKV.fasta || (echo 'Missing imgt_download/IGKV.fasta' && exit 1)
#20 DONE 0.1s

#21 [stage-0 15/21] RUN test -f /opt/humanizer/imgt_download/IGKJ.fasta || (echo 'Missing imgt_download/IGKJ.fasta' && exit 1)
#21 DONE 0.2s

#22 [stage-0 16/21] RUN test -f /opt/humanizer/imgt_download/IGLV.fasta || (echo 'Missing imgt_download/IGLV.fasta' && exit 1)
#22 DONE 0.2s

#23 [stage-0 17/21] RUN test -f /opt/humanizer/imgt_download/IGLJ.fasta || (echo 'Missing imgt_download/IGLJ.fasta' && exit 1)
#23 DONE 0.1s

#24 [stage-0 18/21] RUN python /opt/humanizer/database_setup/build_germline_database.py     /opt/humanizer/imgt_download     /opt/humanizer_db
#24 0.476 INFO:__main__: === IMGT Germline Database Builder ===
#24 0.476 INFO:__main__: Input directory: /opt/humanizer/imgt_download
#24 0.476 INFO:__main__: Output directory: /opt/humanizer_db
#24 0.476 INFO:__main__: Parsing IGHV.fasta...
#24 0.490 INFO:__main__: Parsed 472 segments from IGHV.fasta
#24 0.490 INFO:__main__: Parsing IGKV.fasta...
#24 0.495 INFO:__main__: Parsed 132 segments from IGKV.fasta
#24 0.495 INFO:__main__: Parsing IGLV.fasta...
#24 0.499 INFO:__main__: Parsed 126 segments from IGLV.fasta
#24 0.499 INFO:__main__: Parsing IGHD.fasta...
#24 0.500 INFO:__main__: Parsed 48 segments from IGHD.fasta
#24 0.500 INFO:__main__: Parsing IGHJ.fasta...
#24 0.501 INFO:__main__: Parsed 15 segments from IGHJ.fasta
#24 0.501 INFO:__main__: Parsing IGKJ.fasta...
#24 0.501 INFO:__main__: Parsed 10 segments from IGKJ.fasta
#24 0.501 INFO:__main__: Parsing IGLJ.fasta...
#24 0.501 INFO:__main__: Parsed 11 segments from IGLJ.fasta
#24 0.501 INFO:__main__: === Germline Segment Statistics ===
#24 0.501 INFO:__main__: Heavy V segments: 360
#24 0.501 INFO:__main__: Kappa V segments: 101
#24 0.501 INFO:__main__: Lambda V segments: 105
#24 0.502 INFO:__main__: Heavy D segments: 48
#24 0.502 INFO:__main__: Heavy J segments: 14
#24 0.502 INFO:__main__: Kappa J segments: 7
#24 0.502 INFO:__main__: Lambda J segments: 11
#24 0.502 INFO:__main__: Reconstructing heavy chain frameworks (V+D+J)...
#24 1.176 INFO:__main__: Generated 241920 heavy chain frameworks
#24 1.176 INFO:__main__: Reconstructing light chain frameworks (V+J) with canonical FR4...
#24 1.185 WARNING:__main__: Failed to reconstruct lambda framework: V=IGLV8-61*03, J=IGLJ1*01
#24 1.185 WARNING:__main__: Failed to reconstruct lambda framework: V=IGLV8-61*03, J=IGLJ2*01
#24 1.185 WARNING:__main__: Failed to reconstruct lambda framework: V=IGLV8-61*03, J=IGLJ2A*01
#24 1.185 WARNING:__main__: Failed to reconstruct lambda framework: V=IGLV8-61*03, J=IGLJ3*01
#24 1.185 WARNING:__main__: Failed to reconstruct lambda framework: V=IGLV8-61*03, J=IGLJ3*02
#24 1.185 WARNING:__main__: Failed to reconstruct lambda framework: V=IGLV8-61*03, J=IGLJ4*01
#24 1.185 WARNING:__main__: Failed to reconstruct lambda framework: V=IGLV8-61*03, J=IGLJ5*01
#24 1.185 WARNING:__main__: Failed to reconstruct lambda framework: V=IGLV8-61*03, J=IGLJ5*02
#24 1.185 WARNING:__main__: Failed to reconstruct lambda framework: V=IGLV8-61*03, J=IGLJ6*01
#24 1.185 WARNING:__main__: Failed to reconstruct lambda framework: V=IGLV8-61*03, J=IGLJ7*01
#24 1.185 WARNING:__main__: Failed to reconstruct lambda framework: V=IGLV8-61*03, J=IGLJ7*02
#24 1.185 INFO:__main__: Generated 1851 light chain frameworks with canonical FR4
#24 1.188 INFO:__main__: Writing 243771 frameworks to /opt/humanizer_db/human_germline_frameworks.fasta
#24 1.764 INFO:__main__: Heavy chains: /opt/humanizer_db/human_germline_heavy.fasta (241920 sequences)
#24 1.764 INFO:__main__: Light chains: /opt/humanizer_db/human_germline_light.fasta (1851 sequences)
#24 1.765 INFO:__main__: Building BLAST database...
#24 3.554 INFO:__main__: BLAST database created successfully
#24 3.554 INFO:__main__: Database files: /opt/humanizer_db/human_germline_frameworks.*
#24 3.554 INFO:__main__: Statistics written to /opt/humanizer_db/database_statistics.txt
#24 3.554 INFO:__main__: Generated 243,771 total germline frameworks
#24 3.554 INFO:__main__: === Database Build Complete ===
#24 DONE 3.7s

#25 [stage-0 19/21] RUN ln -s /opt/humanizer_db /opt/humanizer/imgt_germline_database
#25 DONE 0.2s

#26 [stage-0 20/21] RUN python -c "from Bio import SeqIO; import dash; print('Python deps OK')"  && anarcii --help >/dev/null  && blastp -help >/dev/null  && makeblastdb -help >/dev/null  && blastdbcmd -db /opt/humanizer_db/human_germline_frameworks -info >/dev/null
#26 0.854 Python deps OK
#26 DONE 2.3s

#27 [stage-0 21/21] WORKDIR /workspace
#27 DONE 0.0s

#28 exporting to image
#28 exporting layers
#28 exporting layers 281.1s done
#28 exporting manifest sha256:86016f56f489be205e97bc337de4a0bd5acbf46c57106bcde3cad6cfd6ef8d46 0.0s done
#28 exporting config sha256:0fd2d17080a3496ad2f423f94f6232d8e5e8b74698d54007a6ea83584c5e7755 0.0s done
#28 exporting attestation manifest sha256:c003df35681400829085c3c6ab7ee85bdf68642870a89308b1eb39bb0a6b51e0 0.0s done
#28 exporting manifest list sha256:c1918ecf9a3acb3e45f3f960ffdc6a351d69bb790012f53c987c7a6d957fbbe6 0.0s done
#28 naming to docker.io/library/antibody-humanizer-dev:latest done
#28 unpacking to docker.io/library/antibody-humanizer-dev:latest
#28 unpacking to docker.io/library/antibody-humanizer-dev:latest 29.6s done
#28 DONE 310.8s
